{
  "name" : "some-peripheral-job",
  "reservationToken" : "some-token",
  "relatedVehicle" : "some-vehicle",
  "relatedTransportOrder" : "some-order",
  "peripheralOperation" : {
    "operation" : "some-operation",
    "locationName" : "some-location",
    "executionTrigger" : "AFTER_ALLOCATION",
    "completionRequired" : true
  },
  "state" : "BEING_PROCESSED",
  "creationTime" : "1970-01-01T00:00:00Z",
  "finishedTime" : "+1000000000-12-31T23:59:59.999999999Z",
  "properties" : [ {
    "key" : "some-key",
    "value" : "some-value"
  }, {
    "key" : "some-other-key",
    "value" : "some-other-value"
  } ]
}