{
  "vehicleName" : "some-vehicle",
  "availableCommAdapters" : [ "com.example.somedriver.descriptionclass", "com.example.someotherdriver.descriptionclass" ],
  "attachedCommAdapter" : "com.example.somedriver.descriptionclass"
}