{
  "destinationPoints" : [ "C", "F" ],
  "sourcePoint" : "A"
}