{
  "orderTypes" : [ "some-orderType", "another-orderType", "orderType-3" ]
}