<html>Point <b>Point-0001</b><hr>
Allocated by: Vehicle-001<br></html>